// Jest Snapshot v1, https://goo.gl/fbAQLP

exports[`should match the snapshot 1`] = `
<div
  className="TvShow"
>
  <div
    className="TvShow__cover"
  >
    <img
      alt="A test Tv Show"
      src="http://static.tvmaze.com/uploads/images/original_untouched/53/132629.jpg"
    />
  </div>
  <div
    className="TvShow__details"
  >
    <h2>
      A test Tv Show
    </h2>
    <p>
      Lorem Ipsum is slechts een proeftekst uit het drukkerij- en zetterijwezen. Lorem Ipsum is de standaard proeftekst in deze bedrijfstak sinds de 16e eeuw, toen een onbekende drukker een zethaak met letters nam en ze door elkaar husselde om een font-catalogus te maken. Het heeft niet alleen vijf eeuwen overleefd maar is ook, vrijwel onveranderd, overgenomen in elektronische letterzetting. Het is in de jaren '60 populair geworden met de introductie van Letraset vellen met Lorem Ipsum passages en meer recentelijk door desktop publishing software zoals Aldus PageMaker die versies van Lorem Ipsum bevatten.
    </p>
    <div
      className="TvShow__details__episodes"
    >
      <h3
        className="TvShow__details__episodes__heading"
      >
        Episodes
      </h3>
      <a
        className="TvShow__details__episodes__episody"
        href="/shows/1/episodes/657308"
        onClick={[Function]}
      >
        Escape from Monster Island
      </a>
      <a
        className="TvShow__details__episodes__episody"
        href="/shows/1/episodes/657309"
        onClick={[Function]}
      >
        Princess Buttercup
      </a>
    </div>
  </div>
</div>
`;
